
> prodwise@0.1.0 build
> next build

▲ Next.js 16.3.4 (Turbopack)
✓ Running next.config.ts took 114ms

  Creating an optimized production build ...
✓ Compiled successfully in 2.9s
  Running TypeScript ...
  Finished TypeScript in 8.4s ...
  Collecting page data using 7 workers ...
  Generating static pages using 7 workers (0/4) ...
  Generating static pages using 7 workers (1/4)
  Generating static pages using 7 workers (2/4)
  Generating static pages using 7 workers (3/4)
✓ Generating static pages using 7 workers (4/4) in 653ms
  Finalizing page optimization ...

Route (app)
┌ ƒ /
├ ○ /_not-found
├ ƒ /api/nav
├ ○ /apple-icon.png
├ ○ /icon.png
├ ƒ /initiatives
├ ƒ /initiatives/[slug]
├ ƒ /initiatives/[slug]/decisions
├ ƒ /initiatives/[slug]/knowledge
├ ƒ /initiatives/[slug]/knowledge/[claimId]/confirm
├ ƒ /initiatives/[slug]/knowledge/[claimId]/edit
├ ƒ /initiatives/[slug]/knowledge/new
├ ƒ /initiatives/[slug]/knowledge/sources
├ ƒ /initiatives/[slug]/knowledge/sources/[evidenceId]/edit
├ ƒ /initiatives/[slug]/knowledge/sources/new
├ ƒ /initiatives/[slug]/memory
├ ƒ /initiatives/[slug]/memory/[claimId]/edit
├ ƒ /initiatives/[slug]/memory/[claimId]/verify
├ ƒ /initiatives/[slug]/memory/new
├ ƒ /initiatives/[slug]/sources
├ ƒ /initiatives/[slug]/sources/[evidenceId]/edit
├ ƒ /initiatives/[slug]/sources/new
├ ƒ /initiatives/new
└ ƒ /reporting


○  (Static)   prerendered as static content
ƒ  (Dynamic)  server-rendered on demand
